Ôû▓ Next.js 16.1.1 (Turbopack)
- Environments: .env.local

node.exe : 
At line:1 char:1
+ & "C:\Program Files\
nodejs/node.exe" "C:\U
sers\muham\AppData\Roa
ming\ ...
+ ~~~~~~~~~~~~~~~~~~~~
~~~~~~~~~~~~~~~~~~~~~~
~~~~~~~~~~~~~~~~~~~~~~
~~~~~
    + CategoryInfo    
          : NotSpeci  
  fied: (:String) [   
 ], RemoteExceptio    
n
    + FullyQualifiedE 
   rrorId : NativeCo  
  mmandError
 
> Build error occurred
Error: Both 
middleware file 
"./middleware.ts" and 
proxy file 
"./proxy.ts" are 
detected. Please use 
"./proxy.ts" only. 
Learn more: https://ne
xtjs.org/docs/messages
/middleware-to-proxy
    at ignore-listed 
frames
